// Jest Snapshot v1, https://goo.gl/fbAQLP

exports[`withInputs renders correctly 1`] = `<div />`;
