// Jest Snapshot v1, https://goo.gl/fbAQLP

exports[`MovieList renders correctly 1`] = `
<div
  className="catalog__movies-list"
>
  <article
    className="small-movie-card catalog__movies-card"
    onClick={[Function]}
    onMouseEnter={[Function]}
    onMouseLeave={[Function]}
    style={
      Object {
        "position": "relative",
      }
    }
  >
    <div
      className="small-movie-card__image"
    >
      <img
        alt="film"
        height="175"
        src="img"
        width="280"
      />
    </div>
    <h3
      className="small-movie-card__title"
      style={
        Object {
          "height": "100%",
          "width": "100%",
        }
      }
    >
      <a
        className="small-movie-card__link"
        href="/films/1"
        onClick={[Function]}
        style={
          Object {
            "alignItems": "flex-end",
            "display": "flex",
            "height": "100%",
            "width": "100%",
          }
        }
      >
        film
      </a>
    </h3>
    <div
      className="player"
    >
      <video
        autoPlay={true}
        className="player__video"
        muted={true}
        poster="img"
        src="video"
      />
    </div>
  </article>
</div>
`;
