// Jest Snapshot v1, https://goo.gl/fbAQLP

exports[`withProgress renders correctly 1`] = `<video />`;
