// Jest Snapshot v1, https://goo.gl/fbAQLP

exports[`MyListButton renders correctly 1`] = `
<button
  className="btn btn--list movie-card__button"
  onClick={[Function]}
  type="button"
>
  <svg
    height="14"
    onClick={[Function]}
    viewBox="0 0 18 14"
    width="18"
  >
    <use
      xlinkHref="#in-list"
    />
  </svg>
  <span>
    My list
  </span>
</button>
`;
