// Jest Snapshot v1, https://goo.gl/fbAQLP

exports[`Tabs renders correctly 1`] = `
Array [
  <div
    className="movie-rating"
  >
    <div
      className="movie-rating__score"
    />
    <p
      className="movie-rating__meta"
    >
      <span
        className="movie-rating__level"
      >
        -
      </span>
      <span
        className="movie-rating__count"
      >
        undefined ratings
      </span>
    </p>
  </div>,
  <div
    className="movie-card__text"
  >
    <p />
    <p
      className="movie-card__director"
    >
      <strong>
        Director: undefined
      </strong>
    </p>
    <p
      className="movie-card__starring"
    >
      <strong>
        
      </strong>
    </p>
  </div>,
]
`;
