// Jest Snapshot v1, https://goo.gl/fbAQLP

exports[`GenresItem renders correctly 1`] = `
<li
  className="catalog__genres-item undefined"
>
  <a
    className="catalog__genres-link"
    href="#"
    onClick={[Function]}
  >
    test
  </a>
</li>
`;
