// Jest Snapshot v1, https://goo.gl/fbAQLP

exports[`withReviewData renders correctly 1`] = `
<div>
  Test
</div>
`;
