// Jest Snapshot v1, https://goo.gl/fbAQLP

exports[`ShowMoreButton renders correctly 1`] = `null`;
