// Jest Snapshot v1, https://goo.gl/fbAQLP

exports[`withCheckAuth renders correctly 1`] = `<div />`;
